preproc/notice_informix.pgc:11: ERROR: AT option not allowed in CLOSE DATABASE statement
preproc/notice_informix.pgc:14: ERROR: "database" cannot be used as cursor name in INFORMIX mode
