notice.pgc:16: ERROR: AT option not allowed in CONNECT statement
notice.pgc:17: ERROR: AT option not allowed in DISCONNECT statement
notice.pgc:18: ERROR: AT option not allowed in SET CONNECTION statement
notice.pgc:19: ERROR: AT option not allowed in TYPE statement
notice.pgc:22: WARNING: COPY FROM STDIN is not implemented
notice.pgc:26: ERROR: using variable "cursor_var" in different declare statements is not supported
notice.pgc:29: ERROR: cursor "duplicate_cursor" is already defined
notice.pgc:32: ERROR: SHOW ALL is not implemented
notice.pgc:34: ERROR: AT option not allowed in WHENEVER statement
notice.pgc:37: WARNING: no longer supported LIMIT #,# syntax passed to server
notice.pgc:40: WARNING: cursor "duplicate_cursor" has been declared but not opened
notice.pgc:40: WARNING: cursor "duplicate_cursor" has been declared but not opened
notice.pgc:40: WARNING: cursor ":cursor_var" has been declared but not opened
notice.pgc:40: WARNING: cursor ":cursor_var" has been declared but not opened
